+ BIN=./publish/DiscordChatExporter.Cli
+ PORT=5155
+ BASE=http://127.0.0.1:5155
+ info 'starting the server on port 5155'
+ echo '::notice title=smoke::starting the server on port 5155'
::notice title=smoke::starting the server on port 5155
+ GUI_PID=2423
+ trap 'kill "${GUI_PID}" 2>/dev/null || true' EXIT
+ READY=0
+ ./publish/DiscordChatExporter.Cli gui --port 5155 --host any --no-browser
++ seq 1 60
+ for _ in $(seq 1 60)
+ curl -sf http://127.0.0.1:5155/api/info -o info.json
+ kill -0 2423
+ sleep 0.5
+ for _ in $(seq 1 60)
+ curl -sf http://127.0.0.1:5155/api/info -o info.json
+ READY=1
+ break
+ '[' 1 '!=' 1 ']'
++ tr '\n' ' '
++ head -c 300
+ info 'server output:  DiscordChatExporter 999.9.9 Web interface: http://localhost:5155/  The interface is bound to all network interfaces, so anyone on your network can access it (and the Discord token you enter) while it'\''s running.  Available commands: guilds channels dm export exportguild exportdm exportall guide File'
+ echo '::notice title=smoke::server output:  DiscordChatExporter 999.9.9 Web interface: http://localhost:5155/  The interface is bound to all network interfaces, so anyone on your network can access it (and the Discord token you enter) while it'\''s running.  Available commands: guilds channels dm export exportguild exportdm exportall guide File'
::notice title=smoke::server output:  DiscordChatExporter 999.9.9 Web interface: http://localhost:5155/  The interface is bound to all network interfaces, so anyone on your network can access it (and the Discord token you enter) while it's running.  Available commands: guilds channels dm export exportguild exportdm exportall guide File
+ echo '--- /api/info ---'
--- /api/info ---
+ python3 -m json.tool info.json
+ head -80
{
    "name": "DiscordChatExporter",
    "version": "999.9.9",
    "executableName": "DiscordChatExporter.Cli",
    "workingDirectory": "/home/runner/work/DiscordChatExporter/DiscordChatExporter",
    "startedAt": "2026-10-08T12:36:53.2425871+00:00",
    "isNetworkExposed": true,
    "hasEnvironmentToken": false,
    "commands": [
        {
            "name": "guilds",
            "title": "List servers",
            "description": "Gets the list of accessible servers.",
            "group": "Discover",
            "icon": "server",
            "requiresToken": true,
            "order": 0,
            "options": [
                {
                    "name": "bot",
                    "shortName": "b",
                    "label": "Bot token (deprecated)",
                    "description": "This option doesn't do anything. Kept for backwards compatibility.",
                    "kind": "bool",
                    "isRequired": false,
                    "isSequence": false,
                    "hasDefault": true,
                    "defaultValue": "false",
                    "requiresToken": false,
                    "isAdvanced": true
                },
                {
                    "name": "respect-rate-limits",
                    "label": "Respect advisory rate limits",
                    "description": "Whether to respect advisory rate limits. If disabled, only hard rate limits (i.e., 429 responses) will be respected.",
                    "kind": "bool",
                    "isRequired": false,
                    "isSequence": false,
                    "hasDefault": true,
                    "defaultValue": "true",
                    "requiresToken": false,
                    "isAdvanced": true
                }
            ]
        },
        {
            "name": "channels",
            "title": "List channels",
            "description": "Get the list of channels in a server.",
            "group": "Discover",
            "icon": "hash",
            "requiresToken": true,
            "order": 1,
            "options": [
                {
                    "name": "guild",
                    "shortName": "g",
                    "label": "Server ID",
                    "description": "Server ID.",
                    "kind": "text",
                    "isRequired": true,
                    "isSequence": false,
                    "hasDefault": false,
                    "requiresToken": false,
                    "placeholder": "803194314627285022",
                    "isAdvanced": false
                },
                {
                    "name": "include-vc",
                    "label": "Include voice channels",
                    "description": "Include voice channels.",
                    "kind": "bool",
                    "isRequired": false,
                    "isSequence": false,
                    "hasDefault": true,
                    "defaultValue": "true",
                    "requiresToken": false,
                    "isAdvanced": false
                },
                {
+ kill 2423
